---
source: src/ast/types.rs
expression: test_input(input)
---
Err(
    [
        ExpectedFoundAt(
            Bool,
            Int,
            NodeId(
                14,
            ),
        ),
    ],
)
