---
source: src/ast/types.rs
expression: test_input(input)
---
Err(
    [
        ExpectedFoundAt(
            Int,
            Str,
            NodeId(
                8,
            ),
        ),
    ],
)
