---
source: src/ast/symbol.rs
expression: determinize(table)
---
[
    (
        ScopeId(
            0,
        ),
        Scope {
            parent: None,
            variables: PartialSymbolTable {
                vars: [],
            },
        },
    ),
    (
        ScopeId(
            1,
        ),
        Scope {
            parent: Some(
                ScopeId(
                    0,
                ),
            ),
            variables: PartialSymbolTable {
                vars: [
                    VariableRecord {
                        id: IdentId(
                            0,
                        ),
                        text: "f",
                        decl: FunctionDecl(
                            FunctionDecl(
                                NodeId(
                                    11,
                                ),
                            ),
                        ),
                    },
                ],
            },
        },
    ),
    (
        ScopeId(
            2,
        ),
        Scope {
            parent: Some(
                ScopeId(
                    1,
                ),
            ),
            variables: PartialSymbolTable {
                vars: [
                    VariableRecord {
                        id: IdentId(
                            1,
                        ),
                        text: "x",
                        decl: FunctionArg(
                            FunctionDeclArgs(
                                NodeId(
                                    3,
                                ),
                            ),
                        ),
                    },
                    VariableRecord {
                        id: IdentId(
                            2,
                        ),
                        text: "y",
                        decl: FunctionArg(
                            FunctionDeclArgs(
                                NodeId(
                                    5,
                                ),
                            ),
                        ),
                    },
                ],
            },
        },
    ),
    (
        ScopeId(
            3,
        ),
        Scope {
            parent: Some(
                ScopeId(
                    2,
                ),
            ),
            variables: PartialSymbolTable {
                vars: [
                    VariableRecord {
                        id: IdentId(
                            3,
                        ),
                        text: "z",
                        decl: Decl(
                            Decl(
                                NodeId(
                                    7,
                                ),
                            ),
                        ),
                    },
                    VariableRecord {
                        id: IdentId(
                            4,
                        ),
                        text: "k",
                        decl: Decl(
                            Decl(
                                NodeId(
                                    9,
                                ),
                            ),
                        ),
                    },
                ],
            },
        },
    ),
]
