---
source: src/validator.rs
expression: res
---
Err(
    ExpectedBoolFoundArithmetic,
)
