---
source: src/parser.rs
expression: parsed
---
Ok(
    Program {
        id: Identifier(
            "fib",
        ),
        compound: Compound {
            statements: [
                Decl(
                    Decl {
                        id: Identifier(
                            "x",
                        ),
                        expr: Some(
                            Expr {
                                head: Term {
                                    head: Factor {
                                        head: Product {
                                            head: Unit(
                                                FunctionCall(
                                                    FunctionCall {
                                                        id: Identifier(
                                                            "f",
                                                        ),
                                                        args: [],
                                                    },
                                                ),
                                            ),
                                            tail: None,
                                        },
                                        tail: None,
                                    },
                                    tail: None,
                                },
                                tail: None,
                            },
                        ),
                    },
                ),
            ],
        },
    },
)
