---
source: src/parser.rs
expression: parsed
---
Node {
    ty: Error(
        ExpectedFoundEOF(
            Keyword(
                Program,
            ),
        ),
    ),
    text_range: 0..0,
    children: [],
}
