---
source: src/parser.rs
expression: parsed
---
Err(
    ExpectedFound(
        Punctuation(
            BracketClose,
        ),
        EnrichedToken {
            inner: Operator(
                GreaterThan,
            ),
            line_no: 16,
        },
    ),
)
