---
source: src/validator.rs
expression: res
---
Err(
    ExpectedBoolFound(
        Int(
            42,
        ),
    ),
)
