---
source: src/parser.rs
expression: parsed
---
Ok(
    Program {
        id: Identifier(
            "fib",
        ),
        compound: Compound {
            statements: [
                Decl(
                    Decl {
                        id: Identifier(
                            "x",
                        ),
                        expr: Some(
                            Expr {
                                head: Unit(
                                    FunctionCall(
                                        FunctionCall {
                                            id: Identifier(
                                                "id",
                                            ),
                                            args: [
                                                Expr {
                                                    head: Unit(
                                                        Identifier(
                                                            Identifier(
                                                                "x",
                                                            ),
                                                        ),
                                                    ),
                                                    tail: Some(
                                                        ExprPrime {
                                                            operator: Times,
                                                            operand: Expr {
                                                                head: Unit(
                                                                    Identifier(
                                                                        Identifier(
                                                                            "y",
                                                                        ),
                                                                    ),
                                                                ),
                                                                tail: None,
                                                            },
                                                            tail: None,
                                                        },
                                                    ),
                                                },
                                            ],
                                        },
                                    ),
                                ),
                                tail: None,
                            },
                        ),
                    },
                ),
            ],
        },
    },
)
