---
source: src/parser.rs
expression: parsed
---
Ok(
    Program {
        id: Identifier(
            "fib",
        ),
        compound: Compound {
            statements: [
                Decl(
                    Decl {
                        id: Identifier(
                            "x",
                        ),
                        expr: Some(
                            Expr {
                                head: Term {
                                    head: Factor {
                                        head: Product {
                                            head: Unit(
                                                FunctionCall(
                                                    FunctionCall {
                                                        id: Identifier(
                                                            "sum",
                                                        ),
                                                        args: [
                                                            Expr {
                                                                head: Term {
                                                                    head: Factor {
                                                                        head: Product {
                                                                            head: Unit(
                                                                                Identifier(
                                                                                    Identifier(
                                                                                        "x",
                                                                                    ),
                                                                                ),
                                                                            ),
                                                                            tail: None,
                                                                        },
                                                                        tail: Some(
                                                                            FactorPrime {
                                                                                op: Plus,
                                                                                rhs: Product {
                                                                                    head: Unit(
                                                                                        Identifier(
                                                                                            Identifier(
                                                                                                "y",
                                                                                            ),
                                                                                        ),
                                                                                    ),
                                                                                    tail: None,
                                                                                },
                                                                                tail: None,
                                                                            },
                                                                        ),
                                                                    },
                                                                    tail: None,
                                                                },
                                                                tail: None,
                                                            },
                                                            Expr {
                                                                head: Term {
                                                                    head: Factor {
                                                                        head: Product {
                                                                            head: Unit(
                                                                                Identifier(
                                                                                    Identifier(
                                                                                        "y",
                                                                                    ),
                                                                                ),
                                                                            ),
                                                                            tail: None,
                                                                        },
                                                                        tail: Some(
                                                                            FactorPrime {
                                                                                op: Plus,
                                                                                rhs: Product {
                                                                                    head: Unit(
                                                                                        Identifier(
                                                                                            Identifier(
                                                                                                "x",
                                                                                            ),
                                                                                        ),
                                                                                    ),
                                                                                    tail: None,
                                                                                },
                                                                                tail: None,
                                                                            },
                                                                        ),
                                                                    },
                                                                    tail: None,
                                                                },
                                                                tail: None,
                                                            },
                                                        ],
                                                    },
                                                ),
                                            ),
                                            tail: None,
                                        },
                                        tail: None,
                                    },
                                    tail: None,
                                },
                                tail: None,
                            },
                        ),
                    },
                ),
            ],
        },
    },
)
