---
source: src/scanner.rs
expression: res
---
[
    Scanned {
        inner: Comment(
            "some comment\n which is long! ",
        ),
        line: 0,
    },
]
