---
source: src/parser.rs
expression: parsed
---
Ok(
    Program {
        id: Identifier(
            "fib",
        ),
        compound: Compound {
            statements: [
                Print(
                    Print(
                        Expr {
                            head: Term {
                                head: Factor {
                                    head: Product {
                                        head: Unit(
                                            Str(
                                                "Hello\\n",
                                            ),
                                        ),
                                        tail: None,
                                    },
                                    tail: None,
                                },
                                tail: None,
                            },
                            tail: None,
                        },
                    ),
                ),
                Print(
                    Println(
                        Expr {
                            head: Term {
                                head: Factor {
                                    head: Product {
                                        head: Unit(
                                            Int(
                                                2,
                                            ),
                                        ),
                                        tail: None,
                                    },
                                    tail: None,
                                },
                                tail: None,
                            },
                            tail: None,
                        },
                    ),
                ),
                Print(
                    Get(
                        Identifier(
                            "x",
                        ),
                    ),
                ),
            ],
        },
    },
)
