---
source: src/parser.rs
expression: parsed
---
Node {
    ty: Program,
    text_range: 0..41,
    children: [
        Node {
            ty: Identifier,
            text_range: 8..11,
            children: [],
        },
        Node {
            ty: Compound,
            text_range: 12..41,
            children: [
                Node {
                    ty: Decl,
                    text_range: 18..37,
                    children: [
                        Node {
                            ty: Identifier,
                            text_range: 22..23,
                            children: [],
                        },
                        Node {
                            ty: Expr,
                            text_range: 27..36,
                            children: [
                                Node {
                                    ty: Term,
                                    text_range: 27..36,
                                    children: [
                                        Node {
                                            ty: Factor,
                                            text_range: 27..36,
                                            children: [
                                                Node {
                                                    ty: Product,
                                                    text_range: 27..28,
                                                    children: [
                                                        Node {
                                                            ty: Unit,
                                                            text_range: 27..28,
                                                            children: [
                                                                Node {
                                                                    ty: Identifier,
                                                                    text_range: 27..28,
                                                                    children: [],
                                                                },
                                                            ],
                                                        },
                                                    ],
                                                },
                                                Node {
                                                    ty: Minus,
                                                    text_range: 29..36,
                                                    children: [
                                                        Node {
                                                            ty: Product,
                                                            text_range: 31..32,
                                                            children: [
                                                                Node {
                                                                    ty: Unit,
                                                                    text_range: 31..32,
                                                                    children: [
                                                                        Node {
                                                                            ty: Identifier,
                                                                            text_range: 31..32,
                                                                            children: [],
                                                                        },
                                                                    ],
                                                                },
                                                            ],
                                                        },
                                                        Node {
                                                            ty: Minus,
                                                            text_range: 33..36,
                                                            children: [
                                                                Node {
                                                                    ty: Product,
                                                                    text_range: 35..36,
                                                                    children: [
                                                                        Node {
                                                                            ty: Unit,
                                                                            text_range: 35..36,
                                                                            children: [
                                                                                Node {
                                                                                    ty: Identifier,
                                                                                    text_range: 35..36,
                                                                                    children: [],
                                                                                },
                                                                            ],
                                                                        },
                                                                    ],
                                                                },
                                                            ],
                                                        },
                                                    ],
                                                },
                                            ],
                                        },
                                    ],
                                },
                            ],
                        },
                    ],
                },
            ],
        },
    ],
}
