---
source: src/parser.rs
expression: parsed
---
Err(
    ExpectedButFoundEOF(
        Punctuation(
            Semicolon,
        ),
    ),
)
